BL51 BANKED LINKER/LOCATER V6.22.2.0                                                    05/05/2026  12:35:21  PAGE 1


BL51 BANKED LINKER/LOCATER V6.22.2.0, INVOKED BY:
D:\KEIL_V5\C51\BIN\BL51.EXE .\Objects\test2.obj TO .\Objects\test2 PRINT (.\Listings\test2.m51) RAMSIZE (256)


MEMORY MODEL: SMALL


INPUT MODULES INCLUDED:
  .\Objects\test2.obj (TEST2)
  D:\KEIL_V5\C51\LIB\C51S.LIB (?C_STARTUP)


LINK MAP OF MODULE:  .\Objects\test2 (TEST2)


            TYPE    BASE      LENGTH    RELOCATION   SEGMENT NAME
            -----------------------------------------------------

            * * * * * * *   D A T A   M E M O R Y   * * * * * * *
            REG     0000H     0008H     ABSOLUTE     "REG BANK 0"
            DATA    0008H     0004H     UNIT         _DATA_GROUP_
            IDATA   000CH     0001H     UNIT         ?STACK

            * * * * * * *   C O D E   M E M O R Y   * * * * * * *
            CODE    0000H     0003H     ABSOLUTE     
                    0003H     07FDH                  *** GAP ***
            CODE    0800H     0035H     UNIT         ?PR?MAIN?TEST2
            CODE    0835H     000CH     UNIT         ?C_C51STARTUP



OVERLAY MAP OF MODULE:   .\Objects\test2 (TEST2)


SEGMENT                          DATA_GROUP 
  +--> CALLED SEGMENT          START    LENGTH
----------------------------------------------
?C_C51STARTUP                  -----    -----
  +--> ?PR?MAIN?TEST2

?PR?MAIN?TEST2                 0008H    0004H



SYMBOL TABLE OF MODULE:  .\Objects\test2 (TEST2)

  VALUE           TYPE          NAME
  ----------------------------------

  -------         MODULE        TEST2
  C:0000H         SYMBOL        _ICE_DUMMY_
  D:00B0H         PUBLIC        P3
  C:0800H         PUBLIC        main
  -------         PROC          MAIN
  -------         DO            
  D:0008H         SYMBOL        a
  -------         ENDDO         
  C:0800H         LINE#         3
BL51 BANKED LINKER/LOCATER V6.22.2.0                                                  05/05/2026  12:35:21  PAGE 2


  C:0800H         LINE#         5
  C:0808H         LINE#         6
  C:080AH         LINE#         7
  C:0818H         LINE#         8
  C:082CH         LINE#         9
  C:082FH         LINE#         10
  C:0831H         LINE#         11
  C:0834H         LINE#         12
  -------         ENDPROC       MAIN
  -------         ENDMOD        TEST2

******************************************************************************
* RESTRICTED VERSION WITH 0800H BYTE CODE SIZE LIMIT; USED: 0035H BYTE ( 2%) *
******************************************************************************

Program Size: data=13.0 xdata=0 code=68
LINK/LOCATE RUN COMPLETE.  0 WARNING(S),  0 ERROR(S)
