BL51 BANKED LINKER/LOCATER V6.22.2.0                                                    01/28/2026  17:54:51  PAGE 1


BL51 BANKED LINKER/LOCATER V6.22.2.0, INVOKED BY:
D:\KEIL_V5\C51\BIN\BL51.EXE .\Objects\STARTUP.obj, .\Objects\int_f.obj TO .\Objects\int_f PRINT (.\Listings\int_f.m51) R
>> AMSIZE (256)


MEMORY MODEL: SMALL


INPUT MODULES INCLUDED:
  .\Objects\STARTUP.obj (?C_STARTUP)
  .\Objects\int_f.obj (INT_F)


LINK MAP OF MODULE:  .\Objects\int_f (?C_STARTUP)


            TYPE    BASE      LENGTH    RELOCATION   SEGMENT NAME
            -----------------------------------------------------

            * * * * * * *   D A T A   M E M O R Y   * * * * * * *
            REG     0000H     0008H     ABSOLUTE     "REG BANK 0"
            IDATA   0008H     0001H     UNIT         ?STACK

            * * * * * * *   C O D E   M E M O R Y   * * * * * * *
            CODE    0000H     0003H     ABSOLUTE     
                    0003H     07FDH                  *** GAP ***
            CODE    0800H     000DH     UNIT         ?PR?MAIN?INT_F
            CODE    080DH     000CH     UNIT         ?C_C51STARTUP
            CODE    0819H     0008H     UNIT         ?PR?_FOO?INT_F



OVERLAY MAP OF MODULE:   .\Objects\int_f (?C_STARTUP)


SEGMENT
  +--> CALLED SEGMENT
---------------------
?C_C51STARTUP
  +--> ?PR?MAIN?INT_F

?PR?MAIN?INT_F
  +--> ?PR?_FOO?INT_F



SYMBOL TABLE OF MODULE:  .\Objects\int_f (?C_STARTUP)

  VALUE           TYPE          NAME
  ----------------------------------

  -------         MODULE        ?C_STARTUP
  C:080DH         SEGMENT       ?C_C51STARTUP
  I:0008H         SEGMENT       ?STACK
  C:0000H         PUBLIC        ?C_STARTUP
  D:00E0H         SYMBOL        ACC
  D:00F0H         SYMBOL        B
  D:0083H         SYMBOL        DPH
BL51 BANKED LINKER/LOCATER V6.22.2.0                                                  01/28/2026  17:54:51  PAGE 2


  D:0082H         SYMBOL        DPL
  N:0000H         SYMBOL        IBPSTACK
  N:0100H         SYMBOL        IBPSTACKTOP
  N:0080H         SYMBOL        IDATALEN
  C:0810H         SYMBOL        IDATALOOP
  N:0000H         SYMBOL        PBPSTACK
  N:0100H         SYMBOL        PBPSTACKTOP
  N:0000H         SYMBOL        PDATALEN
  N:0000H         SYMBOL        PDATASTART
  N:0000H         SYMBOL        PPAGE
  N:0000H         SYMBOL        PPAGEENABLE
  D:00A0H         SYMBOL        PPAGE_SFR
  D:0081H         SYMBOL        SP
  C:080DH         SYMBOL        STARTUP1
  N:0000H         SYMBOL        XBPSTACK
  N:0000H         SYMBOL        XBPSTACKTOP
  N:0000H         SYMBOL        XDATALEN
  N:0000H         SYMBOL        XDATASTART
  C:0000H         LINE#         126
  C:080DH         LINE#         133
  C:080FH         LINE#         134
  C:0810H         LINE#         135
  C:0811H         LINE#         136
  C:0813H         LINE#         185
  C:0816H         LINE#         196
  -------         ENDMOD        ?C_STARTUP

  -------         MODULE        INT_F
  C:0000H         SYMBOL        _ICE_DUMMY_
  C:0800H         PUBLIC        main
  C:0819H         PUBLIC        _foo
  -------         PROC          _FOO
  D:0006H         SYMBOL        a
  C:0819H         LINE#         3
  C:0819H         LINE#         4
  C:0820H         LINE#         5
  -------         ENDPROC       _FOO
  -------         PROC          MAIN
  -------         DO            
  D:0004H         SYMBOL        a
  -------         ENDDO         
  C:0800H         LINE#         7
  C:0800H         LINE#         8
  C:0804H         LINE#         9
  C:0804H         LINE#         10
  C:080BH         LINE#         11
  -------         ENDPROC       MAIN
  -------         ENDMOD        INT_F

******************************************************************************
* RESTRICTED VERSION WITH 0800H BYTE CODE SIZE LIMIT; USED: 0024H BYTE ( 1%) *
******************************************************************************

Program Size: data=9.0 xdata=0 code=36
LINK/LOCATE RUN COMPLETE.  0 WARNING(S),  0 ERROR(S)
