BL51 BANKED LINKER/LOCATER V6.22.2.0                                                    02/25/2026  13:47:34  PAGE 1


BL51 BANKED LINKER/LOCATER V6.22.2.0, INVOKED BY:
D:\KEIL_V5\C51\BIN\BL51.EXE .\Objects\blink_hex.obj TO .\Objects\s1 PRINT (.\Listings\s1.m51) RAMSIZE (256)


INPUT MODULES INCLUDED:
  .\Objects\blink_hex.obj (BLINK_PROG)


LINK MAP OF MODULE:  .\Objects\s1 (BLINK_PROG)


            TYPE    BASE      LENGTH    RELOCATION   SEGMENT NAME
            -----------------------------------------------------

            * * * * * * *   D A T A   M E M O R Y   * * * * * * *
            REG     0000H     0008H     ABSOLUTE     "REG BANK 0"

            * * * * * * *   C O D E   M E M O R Y   * * * * * * *
            CODE    0000H     0048H     ABSOLUTE     



SYMBOL TABLE OF MODULE:  .\Objects\s1 (BLINK_PROG)

  VALUE           TYPE          NAME
  ----------------------------------

  -------         MODULE        BLINK_PROG
  N:0000H         SYMBOL        BLINK_PROG
  C:003EH         SYMBOL        DELAY_OFF
  C:0033H         SYMBOL        DELAY_ON
  C:0037H         SYMBOL        LOOP1
  C:0042H         SYMBOL        LOOP2
  D:00B0H         SYMBOL        P3
  C:0030H         SYMBOL        START
  C:0000H         LINE#         4
  C:0030H         LINE#         9
  C:0033H         LINE#         12
  C:0035H         LINE#         13
  C:0037H         LINE#         15
  C:0039H         LINE#         16
  C:003BH         LINE#         19
  C:003EH         LINE#         22
  C:0040H         LINE#         23
  C:0042H         LINE#         25
  C:0044H         LINE#         26
  C:0046H         LINE#         29
  -------         ENDMOD        BLINK_PROG

******************************************************************************
* RESTRICTED VERSION WITH 0800H BYTE CODE SIZE LIMIT; USED: 001AH BYTE ( 1%) *
******************************************************************************

Program Size: data=8.0 xdata=0 code=72
LINK/LOCATE RUN COMPLETE.  0 WARNING(S),  0 ERROR(S)
