BL51 BANKED LINKER/LOCATER V6.22.2.0                                                    04/29/2026  13:43:21  PAGE 1


BL51 BANKED LINKER/LOCATER V6.22.2.0, INVOKED BY:
D:\KEIL_V5\C51\BIN\BL51.EXE .\Objects\test1.obj TO .\Objects\test1 PRINT (.\Listings\test1.m51) RAMSIZE (256)


MEMORY MODEL: SMALL


INPUT MODULES INCLUDED:
  .\Objects\test1.obj (TEST1)
  D:\KEIL_V5\C51\LIB\C51S.LIB (?C_STARTUP)


LINK MAP OF MODULE:  .\Objects\test1 (TEST1)


            TYPE    BASE      LENGTH    RELOCATION   SEGMENT NAME
            -----------------------------------------------------

            * * * * * * *   D A T A   M E M O R Y   * * * * * * *
            REG     0000H     0008H     ABSOLUTE     "REG BANK 0"
            DATA    0008H     0001H     UNIT         _DATA_GROUP_
            IDATA   0009H     0001H     UNIT         ?STACK

            * * * * * * *   C O D E   M E M O R Y   * * * * * * *
            CODE    0000H     0003H     ABSOLUTE     
                    0003H     07FDH                  *** GAP ***
            CODE    0800H     000CH     UNIT         ?C_C51STARTUP
            CODE    080CH     0004H     UNIT         ?PR?MAIN?TEST1



OVERLAY MAP OF MODULE:   .\Objects\test1 (TEST1)


SEGMENT                          DATA_GROUP 
  +--> CALLED SEGMENT          START    LENGTH
----------------------------------------------
?C_C51STARTUP                  -----    -----
  +--> ?PR?MAIN?TEST1

?PR?MAIN?TEST1                 0008H    0001H



SYMBOL TABLE OF MODULE:  .\Objects\test1 (TEST1)

  VALUE           TYPE          NAME
  ----------------------------------

  -------         MODULE        TEST1
  C:0000H         SYMBOL        _ICE_DUMMY_
  C:080CH         PUBLIC        main
  -------         PROC          MAIN
  -------         DO            
  D:0007H         SYMBOL        a
  D:0008H         SYMBOL        b
  -------         ENDDO         
  C:080CH         LINE#         10
BL51 BANKED LINKER/LOCATER V6.22.2.0                                                  04/29/2026  13:43:21  PAGE 2


  C:080CH         LINE#         11
  C:080CH         LINE#         12
  C:080CH         LINE#         13
  C:080FH         LINE#         14
  C:080FH         LINE#         16
  -------         ENDPROC       MAIN
  -------         ENDMOD        TEST1

******************************************************************************
* RESTRICTED VERSION WITH 0800H BYTE CODE SIZE LIMIT; USED: 0004H BYTE ( 0%) *
******************************************************************************

Program Size: data=10.0 xdata=0 code=19
LINK/LOCATE RUN COMPLETE.  0 WARNING(S),  0 ERROR(S)
