BL51 BANKED LINKER/LOCATER V6.22.2.0                                                    03/01/2026  14:21:25  PAGE 1


BL51 BANKED LINKER/LOCATER V6.22.2.0, INVOKED BY:
D:\KEIL_V5\C51\BIN\BL51.EXE .\Objects\0_interrupt_0.obj TO .\Objects\0_interrupt_0 PRINT (.\Listings\0_interrupt_0.m51) 
>> RAMSIZE (256)


MEMORY MODEL: SMALL


INPUT MODULES INCLUDED:
  .\Objects\0_interrupt_0.obj (0_INTERRUPT_0)
  D:\KEIL_V5\C51\LIB\C51S.LIB (?C_STARTUP)


LINK MAP OF MODULE:  .\Objects\0_interrupt_0 (0_INTERRUPT_0)


            TYPE    BASE      LENGTH    RELOCATION   SEGMENT NAME
            -----------------------------------------------------

            * * * * * * *   D A T A   M E M O R Y   * * * * * * *
            REG     0000H     0008H     ABSOLUTE     "REG BANK 0"
            IDATA   0008H     0001H     UNIT         ?STACK

            * * * * * * *   C O D E   M E M O R Y   * * * * * * *
            CODE    0000H     0003H     ABSOLUTE     
            CODE    0003H     0003H     ABSOLUTE     
                    0006H     000DH                  *** GAP ***
            CODE    0013H     0003H     ABSOLUTE     
                    0016H     07EAH                  *** GAP ***
            CODE    0800H     0038H     UNIT         ?PR?F_INT0?0_INTERRUPT_0
            CODE    0838H     0036H     UNIT         ?PR?F_INT1?0_INTERRUPT_0
            CODE    086EH     0017H     UNIT         ?PR?MAIN?0_INTERRUPT_0
            CODE    0885H     0010H     UNIT         ?PR?WAIT?0_INTERRUPT_0
            CODE    0895H     000CH     UNIT         ?C_C51STARTUP



OVERLAY MAP OF MODULE:   .\Objects\0_interrupt_0 (0_INTERRUPT_0)


SEGMENT
  +--> CALLED SEGMENT
---------------------
?PR?F_INT0?0_INTERRUPT_0
  +--> ?PR?WAIT?0_INTERRUPT_0

*** NEW ROOT ***************************************************

?PR?F_INT1?0_INTERRUPT_0
  +--> ?PR?WAIT?0_INTERRUPT_0

*** NEW ROOT ***************************************************

?C_C51STARTUP
  +--> ?PR?MAIN?0_INTERRUPT_0

?PR?MAIN?0_INTERRUPT_0
  +--> ?PR?WAIT?0_INTERRUPT_0
BL51 BANKED LINKER/LOCATER V6.22.2.0                                                  03/01/2026  14:21:25  PAGE 2





SYMBOL TABLE OF MODULE:  .\Objects\0_interrupt_0 (0_INTERRUPT_0)

  VALUE           TYPE          NAME
  ----------------------------------

  -------         MODULE        0_INTERRUPT_0
  C:0000H         SYMBOL        _ICE_DUMMY_
  D:0090H         PUBLIC        P1
  B:00A8H.7       PUBLIC        EA
  B:0090H.2       PUBLIC        P1_2
  B:0090H.3       PUBLIC        P1_3
  B:0090H.4       PUBLIC        P1_4
  C:086EH         PUBLIC        main
  C:0885H         PUBLIC        wait
  B:0088H.3       PUBLIC        IE1
  C:0800H         PUBLIC        f_int0
  C:0838H         PUBLIC        f_int1
  B:00A8H.0       PUBLIC        EX0
  B:0088H.0       PUBLIC        IT0
  B:00A8H.2       PUBLIC        EX1
  B:0088H.2       PUBLIC        IT1
  -------         PROC          WAIT
  -------         DO            
  D:0007H         SYMBOL        i
  -------         ENDDO         
  C:0885H         LINE#         12
  C:0885H         LINE#         14
  C:0894H         LINE#         15
  -------         ENDPROC       WAIT
  -------         PROC          F_INT0
  -------         DO            
  D:0006H         SYMBOL        i
  -------         ENDDO         
  C:0800H         LINE#         22
  C:080BH         LINE#         25
  C:080EH         LINE#         26
  C:081AH         LINE#         27
  C:081FH         LINE#         28
  C:0822H         LINE#         29
  C:0827H         LINE#         30
  C:082AH         LINE#         31
  C:082DH         LINE#         32
  C:082FH         LINE#         33
  -------         ENDPROC       F_INT0
  -------         PROC          F_INT1
  -------         DO            
  D:0006H         SYMBOL        i
  -------         ENDDO         
  C:0838H         LINE#         36
  C:0843H         LINE#         39
  C:0846H         LINE#         40
  C:0852H         LINE#         41
  C:0857H         LINE#         42
  C:085AH         LINE#         43
BL51 BANKED LINKER/LOCATER V6.22.2.0                                                  03/01/2026  14:21:25  PAGE 3


  C:085FH         LINE#         44
  C:0862H         LINE#         45
  C:0865H         LINE#         46
  -------         ENDPROC       F_INT1
  -------         PROC          MAIN
  C:086EH         LINE#         57
  C:086EH         LINE#         58
  C:0871H         LINE#         71
  C:0873H         LINE#         72
  C:0875H         LINE#         73
  C:0877H         LINE#         87
  C:0879H         LINE#         88
  C:087BH         LINE#         91
  C:087BH         LINE#         92
  C:0880H         LINE#         93
  C:0883H         LINE#         94
  -------         ENDPROC       MAIN
  -------         ENDMOD        0_INTERRUPT_0

******************************************************************************
* RESTRICTED VERSION WITH 0800H BYTE CODE SIZE LIMIT; USED: 009BH BYTE ( 7%) *
******************************************************************************

Program Size: data=9.0 xdata=0 code=170
LINK/LOCATE RUN COMPLETE.  0 WARNING(S),  0 ERROR(S)
