BL51 BANKED LINKER/LOCATER V6.22.2.0                                                    03/25/2026  14:22:22  PAGE 1


BL51 BANKED LINKER/LOCATER V6.22.2.0, INVOKED BY:
D:\KEIL_V5\C51\BIN\BL51.EXE .\Objects\0_int_0.obj TO .\Objects\o_int_0 PRINT (.\Listings\o_int_0.m51) RAMSIZE (256)


MEMORY MODEL: SMALL


INPUT MODULES INCLUDED:
  .\Objects\0_int_0.obj (0_INT_0)
  D:\KEIL_V5\C51\LIB\C51S.LIB (?C_STARTUP)


LINK MAP OF MODULE:  .\Objects\o_int_0 (0_INT_0)


            TYPE    BASE      LENGTH    RELOCATION   SEGMENT NAME
            -----------------------------------------------------

            * * * * * * *   D A T A   M E M O R Y   * * * * * * *
            REG     0000H     0008H     ABSOLUTE     "REG BANK 0"
            REG     0008H     0008H     ABSOLUTE     "REG BANK 1"
            REG     0010H     0008H     ABSOLUTE     "REG BANK 2"
            IDATA   0018H     0001H     UNIT         ?STACK

            * * * * * * *   C O D E   M E M O R Y   * * * * * * *
            CODE    0000H     0003H     ABSOLUTE     
            CODE    0003H     0003H     ABSOLUTE     
                    0006H     000DH                  *** GAP ***
            CODE    0013H     0003H     ABSOLUTE     
                    0016H     07EAH                  *** GAP ***
            CODE    0800H     0022H     UNIT         ?PR?P12_BLINK?0_INT_0
            CODE    0822H     0022H     UNIT         ?PR?P13_BLINK?0_INT_0
            CODE    0844H     001BH     UNIT         ?PR?WAIT?0_INT_0
            CODE    085FH     0013H     UNIT         ?PR?MAIN?0_INT_0
            CODE    0872H     000CH     UNIT         ?C_C51STARTUP
            CODE    087EH     000AH     UNIT         ?PR?P14_BLINK?0_INT_0



OVERLAY MAP OF MODULE:   .\Objects\o_int_0 (0_INT_0)


SEGMENT
  +--> CALLED SEGMENT
---------------------
?PR?P12_BLINK?0_INT_0
  +--> ?PR?WAIT?0_INT_0

*** NEW ROOT ***************************************************

?PR?P13_BLINK?0_INT_0
  +--> ?PR?WAIT?0_INT_0

*** NEW ROOT ***************************************************

?C_C51STARTUP
  +--> ?PR?MAIN?0_INT_0

BL51 BANKED LINKER/LOCATER V6.22.2.0                                                  03/25/2026  14:22:22  PAGE 2


?PR?MAIN?0_INT_0
  +--> ?PR?P14_BLINK?0_INT_0

?PR?P14_BLINK?0_INT_0
  +--> ?PR?WAIT?0_INT_0



SYMBOL TABLE OF MODULE:  .\Objects\o_int_0 (0_INT_0)

  VALUE           TYPE          NAME
  ----------------------------------

  -------         MODULE        0_INT_0
  C:0000H         SYMBOL        _ICE_DUMMY_
  D:0090H         PUBLIC        P1
  D:00B0H         PUBLIC        P3
  B:00A8H.7       PUBLIC        EA
  C:0800H         PUBLIC        P12_Blink
  C:0822H         PUBLIC        P13_Blink
  C:087EH         PUBLIC        P14_Blink
  B:0090H.2       PUBLIC        P1_2
  B:0090H.3       PUBLIC        P1_3
  B:0090H.4       PUBLIC        P1_4
  C:085FH         PUBLIC        main
  C:0844H         PUBLIC        wait
  B:00A8H.0       PUBLIC        EX0
  B:0088H.0       PUBLIC        IT0
  B:00A8H.2       PUBLIC        EX1
  B:0088H.2       PUBLIC        IT1
  -------         PROC          WAIT
  -------         DO            
  D:0006H         SYMBOL        i
  D:0004H         SYMBOL        j
  -------         ENDDO         
  C:0844H         LINE#         3
  C:0844H         LINE#         5
  C:0847H         LINE#         6
  C:084AH         LINE#         8
  C:0854H         LINE#         9
  C:085EH         LINE#         10
  -------         ENDPROC       WAIT
  -------         PROC          P12_BLINK
  -------         DO            
  D:000AH         SYMBOL        i
  -------         ENDDO         
  C:0800H         LINE#         14
  C:0807H         LINE#         15
  C:080AH         LINE#         16
  C:080AH         LINE#         17
  C:080FH         LINE#         18
  C:0812H         LINE#         19
  C:081DH         LINE#         20
  -------         ENDPROC       P12_BLINK
  -------         PROC          P13_BLINK
  -------         DO            
  D:0012H         SYMBOL        i
BL51 BANKED LINKER/LOCATER V6.22.2.0                                                  03/25/2026  14:22:22  PAGE 3


  -------         ENDDO         
  C:0822H         LINE#         23
  C:0829H         LINE#         24
  C:082CH         LINE#         25
  C:082CH         LINE#         26
  C:0831H         LINE#         27
  C:0834H         LINE#         28
  C:083FH         LINE#         29
  -------         ENDPROC       P13_BLINK
  -------         PROC          P14_BLINK
  C:087EH         LINE#         31
  C:087EH         LINE#         32
  C:087EH         LINE#         33
  C:0883H         LINE#         34
  C:0886H         LINE#         35
  -------         ENDPROC       P14_BLINK
  -------         PROC          MAIN
  C:085FH         LINE#         41
  C:085FH         LINE#         42
  C:0862H         LINE#         43
  C:0865H         LINE#         48
  C:0867H         LINE#         49
  C:0869H         LINE#         50
  C:086BH         LINE#         51
  C:086DH         LINE#         53
  C:086FH         LINE#         55
  -------         ENDPROC       MAIN
  -------         ENDMOD        0_INT_0

******************************************************************************
* RESTRICTED VERSION WITH 0800H BYTE CODE SIZE LIMIT; USED: 0082H BYTE ( 6%) *
******************************************************************************

Program Size: data=25.0 xdata=0 code=145
LINK/LOCATE RUN COMPLETE.  0 WARNING(S),  0 ERROR(S)
