BL51 BANKED LINKER/LOCATER V6.22.2.0                                                    04/30/2025  12:25:49  PAGE 1


BL51 BANKED LINKER/LOCATER V6.22.2.0, INVOKED BY:
D:\KEIL_V5\C51\BIN\BL51.EXE .\Objects\test.obj TO .\Objects\test PRINT (.\Listings\test.m51) RAMSIZE (256)


MEMORY MODEL: SMALL


INPUT MODULES INCLUDED:
  .\Objects\test.obj (TEST)
  D:\KEIL_V5\C51\LIB\C51S.LIB (?C_STARTUP)


LINK MAP OF MODULE:  .\Objects\test (TEST)


            TYPE    BASE      LENGTH    RELOCATION   SEGMENT NAME
            -----------------------------------------------------

            * * * * * * *   D A T A   M E M O R Y   * * * * * * *
            REG     0000H     0008H     ABSOLUTE     "REG BANK 0"
            DATA    0008H     0001H     UNIT         _DATA_GROUP_
            IDATA   0009H     0001H     UNIT         ?STACK

            * * * * * * *   C O D E   M E M O R Y   * * * * * * *
            CODE    0000H     0003H     ABSOLUTE     
                    0003H     07FDH                  *** GAP ***
            CODE    0800H     0078H     UNIT         ?PR?_LIGHT?TEST
            CODE    0878H     0038H     UNIT         ?PR?MAIN?TEST
            CODE    08B0H     001FH     UNIT         ?PR?WAIT?TEST
            CODE    08CFH     000CH     UNIT         ?C_C51STARTUP



OVERLAY MAP OF MODULE:   .\Objects\test (TEST)


SEGMENT                          DATA_GROUP 
  +--> CALLED SEGMENT          START    LENGTH
----------------------------------------------
?C_C51STARTUP                  -----    -----
  +--> ?PR?MAIN?TEST

?PR?MAIN?TEST                  0008H    0001H
  +--> ?PR?_LIGHT?TEST
  +--> ?PR?WAIT?TEST



SYMBOL TABLE OF MODULE:  .\Objects\test (TEST)

  VALUE           TYPE          NAME
  ----------------------------------

  -------         MODULE        TEST
  C:0000H         SYMBOL        _ICE_DUMMY_
  D:0090H         PUBLIC        P1
  D:00B0H         PUBLIC        P3
  C:0800H         PUBLIC        _light
BL51 BANKED LINKER/LOCATER V6.22.2.0                                                  04/30/2025  12:25:49  PAGE 2


  C:0878H         PUBLIC        main
  C:08B0H         PUBLIC        wait
  -------         PROC          _LIGHT
  D:0007H         SYMBOL        s
  D:0005H         SYMBOL        d
  C:0800H         LINE#         4
  C:0800H         LINE#         14
  C:080EH         LINE#         15
  C:0817H         LINE#         16
  C:0820H         LINE#         17
  C:0829H         LINE#         18
  C:0832H         LINE#         19
  C:083BH         LINE#         20
  C:0844H         LINE#         21
  C:084DH         LINE#         23
  C:085CH         LINE#         24
  C:0865H         LINE#         25
  C:086EH         LINE#         26
  C:0877H         LINE#         27
  -------         ENDPROC       _LIGHT
  -------         PROC          WAIT
  -------         DO            
  D:0006H         SYMBOL        w
  D:0004H         SYMBOL        ww
  -------         ENDDO         
  C:08B0H         LINE#         29
  C:08B0H         LINE#         30
  C:08B3H         LINE#         31
  C:08B3H         LINE#         36
  C:08B3H         LINE#         40
  C:08B6H         LINE#         42
  C:08C1H         LINE#         43
  C:08CEH         LINE#         44
  -------         ENDPROC       WAIT
  -------         PROC          MAIN
  -------         DO            
  D:0008H         SYMBOL        d
  D:0001H         SYMBOL        s
  -------         ENDDO         
  C:0878H         LINE#         46
  C:0878H         LINE#         50
  C:088DH         LINE#         51
  C:08A0H         LINE#         52
  C:08A5H         LINE#         53
  C:08A8H         LINE#         54
  C:08ABH         LINE#         55
  C:08AFH         LINE#         56
  -------         ENDPROC       MAIN
  -------         ENDMOD        TEST

******************************************************************************
* RESTRICTED VERSION WITH 0800H BYTE CODE SIZE LIMIT; USED: 00CFH BYTE (10%) *
******************************************************************************

Program Size: data=10.0 xdata=0 code=222
LINK/LOCATE RUN COMPLETE.  0 WARNING(S),  0 ERROR(S)
